// Jest Snapshot v1, https://goo.gl/fbAQLP

exports[`it renders an activiy indicator 1`] = `
<View
  style={Object {}}
>
  <ActivityIndicator
    animating={true}
    color="#999999"
    hidesWhenStopped={true}
    size="small"
  />
</View>
`;
