// Jest Snapshot v1, https://goo.gl/fbAQLP

exports[`it renders an error message 1`] = `
<View
  style={
    Object {
      "alignItems": "center",
      "borderRadius": 10,
      "borderWidth": 2,
      "justifyContent": "center",
    }
  }
>
  <Text>
    Image not availiable
  </Text>
</View>
`;
